// Jest Snapshot v1, https://goo.gl/fbAQLP

exports[`expects to render Cardlist comp 1`] = `
<div>
  <Card
    email="john@email.com"
    id={1}
    key="1"
    name="John Dode"
  />
</div>
`;
